exports[`test renders correctly 1`] = `
<View
  style={
    Object {
      "alignItems": "center",
      "backgroundColor": "azure",
      "flex": 1,
      "justifyContent": "center",
      "padding": 40,
    }
  }>
  <Text
    accessible={true}
    allowFontScaling={true}
    ellipsizeMode="tail"
    style={
      Object {
        "fontFamily": "Elegante-Regular",
        "fontSize": 50,
      }
    }>
    Answer Me
  </Text>
  <Text
    accessible={true}
    allowFontScaling={true}
    ellipsizeMode="tail"
    style={
      Object {
        "color": "red",
        "textAlign": "center",
      }
    }>
    
  </Text>
  <TextInput
    onChangeText={[Function]}
    placeholder="Email"
    style={
      Object {
        "alignSelf": "center",
        "borderColor": "black",
        "borderRadius": 5,
        "borderWidth": 1,
        "height": 50,
        "marginTop": 10,
        "textAlign": "center",
        "width": 250,
      }
    }
    underlineColorAndroid="transparent" />
  <TextInput
    onChangeText={[Function]}
    placeholder="Password"
    secureTextEntry={true}
    style={
      Object {
        "alignSelf": "center",
        "borderColor": "black",
        "borderRadius": 5,
        "borderWidth": 1,
        "height": 50,
        "marginTop": 10,
        "textAlign": "center",
        "width": 250,
      }
    }
    underlineColorAndroid="transparent" />
  <View
    accessibilityComponentType={undefined}
    accessibilityLabel={undefined}
    accessibilityTraits={undefined}
    accessible={true}
    hitSlop={undefined}
    onLayout={undefined}
    onResponderGrant={[Function]}
    onResponderMove={[Function]}
    onResponderRelease={[Function]}
    onResponderTerminate={[Function]}
    onResponderTerminationRequest={[Function]}
    onStartShouldSetResponder={[Function]}
    style={
      Object {
        "borderColor": "black",
        "borderRadius": 5,
        "borderWidth": 1,
        "height": 50,
        "justifyContent": "center",
        "marginTop": 10,
        "opacity": 1,
        "width": 250,
      }
    }
    testID={undefined}>
    <Text
      accessible={true}
      allowFontScaling={true}
      ellipsizeMode="tail"
      style={
        Object {
          "textAlign": "center",
        }
      }>
      Sign In
    </Text>
  </View>
  <View
    style={
      Object {
        "alignItems": "center",
        "flexDirection": "column",
        "justifyContent": "space-between",
      }
    }>
    <View
      accessibilityComponentType={undefined}
      accessibilityLabel={undefined}
      accessibilityTraits={undefined}
      accessible={true}
      hitSlop={undefined}
      onLayout={undefined}
      onResponderGrant={[Function]}
      onResponderMove={[Function]}
      onResponderRelease={[Function]}
      onResponderTerminate={[Function]}
      onResponderTerminationRequest={[Function]}
      onStartShouldSetResponder={[Function]}
      style={
        Object {
          "opacity": 1,
        }
      }
      testID={undefined}>
      <Text
        accessible={true}
        allowFontScaling={true}
        ellipsizeMode="tail"
        style={
          Object {
            "color": "blue",
            "marginTop": 10,
          }
        }>
        Sign Up
      </Text>
    </View>
    <View
      accessibilityComponentType={undefined}
      accessibilityLabel={undefined}
      accessibilityTraits={undefined}
      accessible={true}
      hitSlop={undefined}
      onLayout={undefined}
      onResponderGrant={[Function]}
      onResponderMove={[Function]}
      onResponderRelease={[Function]}
      onResponderTerminate={[Function]}
      onResponderTerminationRequest={[Function]}
      onStartShouldSetResponder={[Function]}
      style={
        Object {
          "opacity": 1,
        }
      }
      testID={undefined}>
      <Text
        accessible={true}
        allowFontScaling={true}
        ellipsizeMode="tail"
        style={
          Object {
            "color": "blue",
            "marginTop": 10,
          }
        }>
        Forgot Password
      </Text>
    </View>
  </View>
</View>
`;
