exports[`test renders correctly 1`] = `
<View
  style={
    Object {
      "backgroundColor": "azure",
      "flex": 1,
    }
  }>
  <View
    style={
      Object {
        "flexDirection": "row",
        "justifyContent": "space-between",
        "marginTop": 20,
        "padding": 10,
      }
    }>
    <View
      accessibilityComponentType={undefined}
      accessibilityLabel={undefined}
      accessibilityTraits={undefined}
      accessible={true}
      hitSlop={undefined}
      onLayout={undefined}
      onResponderGrant={[Function]}
      onResponderMove={[Function]}
      onResponderRelease={[Function]}
      onResponderTerminate={[Function]}
      onResponderTerminationRequest={[Function]}
      onStartShouldSetResponder={[Function]}
      style={
        Object {
          "opacity": 1,
        }
      }
      testID={undefined}>
      <Text
        accessible={true}
        allowFontScaling={true}
        ellipsizeMode="tail"
        style={
          Object {
            "color": "blue",
            "marginTop": 10,
          }
        }>
        Sign Out
      </Text>
    </View>
    <Text
      accessible={true}
      allowFontScaling={true}
      ellipsizeMode="tail"
      style={
        Object {
          "textAlign": "center",
        }
      }>
      
    </Text>
  </View>
  <View
    style={
      Object {
        "alignSelf": "center",
      }
    }>
    <TextInput
      onChangeText={[Function]}
      onSubmitEditing={[Function]}
      placeholder="Something on your mind?"
      style={
        Object {
          "alignSelf": "center",
          "borderColor": "black",
          "borderRadius": 5,
          "borderWidth": 1,
          "height": 50,
          "marginTop": 10,
          "textAlign": "center",
          "width": 250,
        }
      } />
  </View>
  <ScrollView
    dataSource={
      ListViewDataSource {
        "items": 0,
      }
    }
    enableEmptySections={true}
    initialListSize={10}
    onContentSizeChange={[Function]}
    onEndReachedThreshold={1000}
    onKeyboardDidHide={undefined}
    onKeyboardDidShow={undefined}
    onKeyboardWillHide={undefined}
    onKeyboardWillShow={undefined}
    onLayout={[Function]}
    onScroll={[Function]}
    pageSize={1}
    removeClippedSubviews={true}
    renderRow={[Function]}
    renderSeparator={[Function]}
    scrollEventThrottle={50}
    scrollRenderAheadDistance={1000}
    stickyHeaderIndices={Array []}
    style={
      Object {
        "flex": 1,
        "margin": 20,
      }
    } />
</View>
`;
